// Jest Snapshot v1, https://goo.gl/fbAQLP

exports[`ListContainer should match snapshot 1`] = `ShallowWrapper {}`;
